\BOOKMARK [0][-]{lof.0}{\376\377\000L\000i\000s\000t\000a\000\040\000d\000e\000\040\000F\000i\000g\000u\000r\000a\000s}{}% 1
\BOOKMARK [0][-]{lot.0}{\376\377\000L\000i\000s\000t\000a\000\040\000d\000e\000\040\000T\000a\000b\000e\000l\000a\000s}{}% 2
\BOOKMARK [0][-]{chapter*.11}{\376\377\000I\000n\000t\000r\000o\000d\000u\000\347\000\343\000o}{}% 3
\BOOKMARK [-1][-]{part.1}{\376\377\000P\000r\000e\000p\000a\000r\000a\000\347\000\343\000o}{}% 4
\BOOKMARK [0][-]{chapter.1}{\376\377\000J\000u\000s\000t\000i\000f\000i\000c\000a\000t\000i\000v\000a}{part.1}% 5
\BOOKMARK [1][-]{section.1.1}{\376\377\000C\000o\000l\000e\000t\000a\000\040\000d\000e\000\040\000D\000a\000d\000o\000s}{chapter.1}% 6
\BOOKMARK [1][-]{section.1.2}{\376\377\000M\000a\000e\000c\000e\000n\000a\000s\000\040\000e\000g\000e\000t}{chapter.1}% 7
\BOOKMARK [0][-]{chapter.2}{\376\377\000M\000e\000t\000o\000d\000o\000l\000o\000g\000i\000a}{part.1}% 8
\BOOKMARK [1][-]{section.2.1}{\376\377\000P\000r\000a\000e\000s\000e\000n\000t\000\040\000v\000e\000l\000\040\000a\000r\000c\000u}{chapter.2}% 9
\BOOKMARK [1][-]{section.2.2}{\376\377\000D\000o\000n\000e\000c\000\040\000p\000e\000l\000l\000e\000n\000t\000e\000s\000q\000u\000e}{chapter.2}% 10
\BOOKMARK [-1][-]{part.2}{\376\377\000R\000e\000s\000u\000l\000t\000a\000d\000o\000s}{}% 11
\BOOKMARK [0][-]{chapter.3}{\376\377\000A\000n\000\341\000l\000i\000s\000e}{part.2}% 12
\BOOKMARK [1][-]{section.3.1}{\376\377\000N\000u\000l\000l\000a\000m\000\040\000l\000a\000c\000i\000n\000i\000a}{chapter.3}% 13
\BOOKMARK [1][-]{section.3.2}{\376\377\000M\000a\000e\000c\000e\000n\000a\000s\000\040\000e\000g\000e\000t}{chapter.3}% 14
\BOOKMARK [0][-]{chapter.4}{\376\377\000T\000e\000s\000t\000e\000\040\000d\000e\000\040\000T\000i\000t\000u\000l\000o\000s\000\040\000G\000r\000a\000n\000d\000e\000s\000\040\000-\000\040\000A\000n\000\341\000l\000i\000s\000e\000\040\000v\000e\000r\000t\000i\000c\000a\000l\000\040\000e\000\040\000h\000o\000r\000i\000z\000o\000n\000t\000a\000l\000:\000\040\000c\000o\000n\000c\000e\000i\000t\000o\000,\000\040\000d\000i\000f\000e\000r\000e\000n\000\347\000a\000s\000\040\000e\000\040\000c\000\341\000l\000c\000u\000l\000o\000s\000\040\000M\000a\000t\000e\000m\000\341\000t\000i\000c\000o\000s}{part.2}% 15
\BOOKMARK [1][-]{section.4.1}{\376\377\000F\000u\000s\000c\000e\000\040\000f\000a\000c\000i\000l\000i\000s\000i\000s\000\040\000l\000a\000c\000i\000n\000i\000a}{chapter.4}% 16
\BOOKMARK [1][-]{section.4.2}{\376\377\000M\000a\000e\000c\000e\000n\000a\000s\000\040\000e\000g\000e\000t}{chapter.4}% 17
\BOOKMARK [0][-]{chapter.5}{\376\377\000C\000o\000n\000c\000l\000u\000s\000\343\000o}{part.2}% 18
\BOOKMARK [0][-]{chapter*.13}{\376\377\000R\000e\000f\000e\000r\000\352\000n\000c\000i\000a\000s}{part.2}% 19
\BOOKMARK [-1][-]{section*.14}{\376\377\000A\000P\000\312\000N\000D\000I\000C\000E\000S}{}% 20
\BOOKMARK [0][-]{appendix.A}{\376\377\000E\000n\000t\000r\000e\000v\000i\000s\000t\000a\000s}{section*.14}% 21
\BOOKMARK [1][-]{section.A.1}{\376\377\000Q\000u\000i\000s\000q\000u\000e\000\040\000u\000l\000l\000a\000m\000c\000o\000r\000p\000e\000r\000\040\000p\000l\000a\000c\000e\000r\000a\000t}{appendix.A}% 22
\BOOKMARK [1][-]{section.A.2}{\376\377\000Q\000u\000i\000s\000q\000u\000e\000\040\000l\000i\000b\000e\000r\000o\000\040\000j\000u\000s\000t\000o}{appendix.A}% 23
\BOOKMARK [0][-]{appendix.B}{\376\377\000R\000o\000t\000e\000i\000r\000o\000\040\000d\000e\000\040\000E\000n\000t\000r\000e\000v\000i\000s\000t\000a\000s}{section*.14}% 24
\BOOKMARK [1][-]{section.B.1}{\376\377\000Q\000u\000i\000s\000q\000u\000e\000\040\000u\000l\000l\000a\000m\000c\000o\000r\000p\000e\000r\000\040\000p\000l\000a\000c\000e\000r\000a\000t}{appendix.B}% 25
\BOOKMARK [1][-]{section.B.2}{\376\377\000Q\000u\000i\000s\000q\000u\000e\000\040\000l\000i\000b\000e\000r\000o\000\040\000j\000u\000s\000t\000o}{appendix.B}% 26
\BOOKMARK [-1][-]{section*.15}{\376\377\000A\000N\000E\000X\000O\000S}{}% 27
\BOOKMARK [0][-]{appendix.anexo.A}{\376\377\000M\000a\000p\000a\000\040\000d\000a\000\040\000C\000i\000d\000a\000d\000e}{section*.15}% 28
\BOOKMARK [1][-]{section.anexo.A.1}{\376\377\000V\000i\000v\000a\000m\000u\000s\000\040\000e\000u\000\040\000t\000e\000l\000l\000u\000s}{appendix.anexo.A}% 29
\BOOKMARK [1][-]{section.anexo.A.2}{\376\377\000N\000a\000m\000\040\000q\000u\000i\000s\000\040\000e\000n\000i\000m}{appendix.anexo.A}% 30
\BOOKMARK [0][-]{appendix.anexo.B}{\376\377\000M\000a\000p\000a\000\040\000d\000a\000\040\000C\000i\000d\000a\000d\000e}{section*.15}% 31
\BOOKMARK [1][-]{section.anexo.B.1}{\376\377\000V\000i\000v\000a\000m\000u\000s\000\040\000e\000u\000\040\000t\000e\000l\000l\000u\000s}{appendix.anexo.B}% 32
\BOOKMARK [1][-]{section.anexo.B.2}{\376\377\000N\000a\000m\000\040\000q\000u\000i\000s\000\040\000e\000n\000i\000m}{appendix.anexo.B}% 33
